| vendor/github.com/github/nonexistent/bad.go:1:57:1:57 | expected 'package', found 'EOF' |
